/opt/stm32cubeide/plugins/com.st.stm32cube.ide.mcu.externaltools.gnu-tools-for-stm32.13.3.rel1.linux64_1.0.0.202410170706/tools/arm-none-eabi/include/c++/13.3.1/bitset:404:17:constexpr std::_Base_bitset<1>::_Base_bitset(long long unsigned int)	24	static
/opt/stm32cubeide/plugins/com.st.stm32cube.ide.mcu.externaltools.gnu-tools-for-stm32.13.3.rel1.linux64_1.0.0.202410170706/tools/arm-none-eabi/include/c++/13.3.1/bitset:500:7:constexpr long unsigned int std::_Base_bitset<1>::_M_do_to_ulong() const	16	static
/opt/stm32cubeide/plugins/com.st.stm32cube.ide.mcu.externaltools.gnu-tools-for-stm32.13.3.rel1.linux64_1.0.0.202410170706/tools/arm-none-eabi/include/c++/13.3.1/arm-none-eabi/thumb/v7e-m+fp/hard/bits/gthr-default.h:229:1:int __gthread_key_delete(__gthread_key_t)	16	static
/opt/stm32cubeide/plugins/com.st.stm32cube.ide.mcu.externaltools.gnu-tools-for-stm32.13.3.rel1.linux64_1.0.0.202410170706/tools/arm-none-eabi/include/c++/13.3.1/bits/shared_ptr_base.h:288:5:void std::_Sp_counted_base<_Lp>::_M_add_ref_copy() [with __gnu_cxx::_Lock_policy _Lp = __gnu_cxx::_S_single]	16	static
/home/marttave/projects/desnet_project/work/desenet-sensor/src/common/mdw/desenet/frame.h:200:24:uint8_t* desenet::Frame::buffer()	16	static
/home/marttave/projects/desnet_project/work/desenet-sensor/src/common/mdw/desenet/frame.h:210:29:const uint8_t* desenet::Frame::buffer() const	16	static
/home/marttave/projects/desnet_project/work/desenet-sensor/src/common/mdw/desenet/beacon.cpp:15:1:desenet::Beacon::Beacon(uint32_t)	16	static
/opt/stm32cubeide/plugins/com.st.stm32cube.ide.mcu.externaltools.gnu-tools-for-stm32.13.3.rel1.linux64_1.0.0.202410170706/tools/arm-none-eabi/include/c++/13.3.1/bits/shared_ptr_base.h:1522:7:std::__shared_ptr<_Tp, _Lp>::__shared_ptr(const std::__shared_ptr<_Tp, _Lp>&) [with _Tp = unsigned char; __gnu_cxx::_Lock_policy _Lp = __gnu_cxx::_S_single]	16	static
/opt/stm32cubeide/plugins/com.st.stm32cube.ide.mcu.externaltools.gnu-tools-for-stm32.13.3.rel1.linux64_1.0.0.202410170706/tools/arm-none-eabi/include/c++/13.3.1/bits/shared_ptr.h:204:7:std::shared_ptr<_Tp>::shared_ptr(const std::shared_ptr<_Tp>&) [with _Tp = unsigned char]	16	static
/home/marttave/projects/desnet_project/work/desenet-sensor/src/common/mdw/containers/sharedbuffer.hpp:19:11:hei::SharedBuffer<unsigned char>::SharedBuffer(const hei::SharedBuffer<unsigned char>&)	16	static
/home/marttave/projects/desnet_project/work/desenet-sensor/src/common/mdw/desenet/frame.h:47:11:desenet::Frame::Frame(const desenet::Frame&)	16	static
/home/marttave/projects/desnet_project/work/desenet-sensor/src/common/mdw/desenet/beacon.cpp:25:1:desenet::Beacon::Beacon(const desenet::Frame&)	16	static
/home/marttave/projects/desnet_project/work/desenet-sensor/src/common/mdw/desenet/beacon.cpp:30:6:void desenet::Beacon::setDestinationAddress(desenet::Address)	16	static
/home/marttave/projects/desnet_project/work/desenet-sensor/src/common/mdw/desenet/beacon.cpp:35:10:uint64_t desenet::Beacon::networkTime() const	32	static
/home/marttave/projects/desnet_project/work/desenet-sensor/src/common/mdw/desenet/beacon.cpp:42:6:void desenet::Beacon::setNetworkTime(uint32_t)	16	static
/home/marttave/projects/desnet_project/work/desenet-sensor/src/common/mdw/desenet/beacon.cpp:48:10:uint32_t desenet::Beacon::cycleInterval() const	24	static
/home/marttave/projects/desnet_project/work/desenet-sensor/src/common/mdw/desenet/beacon.cpp:55:6:void desenet::Beacon::setCycleInterval(uint32_t)	16	static
/home/marttave/projects/desnet_project/work/desenet-sensor/src/common/mdw/desenet/beacon.cpp:60:23:desenet::SlotDuration desenet::Beacon::slotDuration()	24	static
/home/marttave/projects/desnet_project/work/desenet-sensor/src/common/mdw/desenet/beacon.cpp:69:6:void desenet::Beacon::setSlotDuration(desenet::SlotDuration)	16	static
/home/marttave/projects/desnet_project/work/desenet-sensor/src/common/mdw/desenet/beacon.cpp:74:22:desenet::SvGroupMask desenet::Beacon::svGroupMask() const	32	static
/home/marttave/projects/desnet_project/work/desenet-sensor/src/common/mdw/desenet/beacon.cpp:81:6:void desenet::Beacon::setSvGroupMask(const desenet::SvGroupMask&)	24	static
/opt/stm32cubeide/plugins/com.st.stm32cube.ide.mcu.externaltools.gnu-tools-for-stm32.13.3.rel1.linux64_1.0.0.202410170706/tools/arm-none-eabi/include/c++/13.3.1/initializer_list:69:7:constexpr std::initializer_list<_E>::size_type std::initializer_list<_E>::size() const [with _E = unsigned char]	16	static
/home/marttave/projects/desnet_project/work/desenet-sensor/src/common/mdw/desenet/address.hpp:47:2:phy::Address<size>::Address(std::initializer_list<unsigned char>) [with unsigned int size = 4]	32	static
/home/marttave/projects/desnet_project/work/desenet-sensor/src/common/mdw/containers/sharedbuffer.hpp:243:17:T* hei::SharedBuffer<T>::data() [with T = unsigned char]	16	static
/home/marttave/projects/desnet_project/work/desenet-sensor/src/common/mdw/containers/sharedbuffer.hpp:253:22:const T* hei::SharedBuffer<T>::data() const [with T = unsigned char]	16	static
/opt/stm32cubeide/plugins/com.st.stm32cube.ide.mcu.externaltools.gnu-tools-for-stm32.13.3.rel1.linux64_1.0.0.202410170706/tools/arm-none-eabi/include/c++/13.3.1/bits/shared_ptr_base.h:1074:7:std::__shared_count<_Lp>::__shared_count(const std::__shared_count<_Lp>&) [with __gnu_cxx::_Lock_policy _Lp = __gnu_cxx::_S_single]	16	static
/opt/stm32cubeide/plugins/com.st.stm32cube.ide.mcu.externaltools.gnu-tools-for-stm32.13.3.rel1.linux64_1.0.0.202410170706/tools/arm-none-eabi/include/c++/13.3.1/bitset:934:17:constexpr std::bitset<_Nb>::bitset(long long unsigned int) [with unsigned int _Nb = 16]	32	static
/opt/stm32cubeide/plugins/com.st.stm32cube.ide.mcu.externaltools.gnu-tools-for-stm32.13.3.rel1.linux64_1.0.0.202410170706/tools/arm-none-eabi/include/c++/13.3.1/bitset:1264:7:long unsigned int std::bitset<_Nb>::to_ulong() const [with unsigned int _Nb = 16]	16	static
/opt/stm32cubeide/plugins/com.st.stm32cube.ide.mcu.externaltools.gnu-tools-for-stm32.13.3.rel1.linux64_1.0.0.202410170706/tools/arm-none-eabi/include/c++/13.3.1/initializer_list:73:7:constexpr const _E* std::initializer_list<_E>::begin() const [with _E = unsigned char]	16	static
/opt/stm32cubeide/plugins/com.st.stm32cube.ide.mcu.externaltools.gnu-tools-for-stm32.13.3.rel1.linux64_1.0.0.202410170706/tools/arm-none-eabi/include/c++/13.3.1/initializer_list:77:7:constexpr const _E* std::initializer_list<_E>::end() const [with _E = unsigned char]	24	static
/opt/stm32cubeide/plugins/com.st.stm32cube.ide.mcu.externaltools.gnu-tools-for-stm32.13.3.rel1.linux64_1.0.0.202410170706/tools/arm-none-eabi/include/c++/13.3.1/bits/stl_algobase.h:624:5:_OI std::copy(_II, _II, _OI) [with _II = const unsigned char*; _OI = unsigned char*]	32	static
/opt/stm32cubeide/plugins/com.st.stm32cube.ide.mcu.externaltools.gnu-tools-for-stm32.13.3.rel1.linux64_1.0.0.202410170706/tools/arm-none-eabi/include/c++/13.3.1/bits/shared_ptr_base.h:1665:7:std::__shared_ptr<_Tp, _Lp>::element_type* std::__shared_ptr<_Tp, _Lp>::get() const [with _Tp = unsigned char; __gnu_cxx::_Lock_policy _Lp = __gnu_cxx::_S_single]	16	static
/opt/stm32cubeide/plugins/com.st.stm32cube.ide.mcu.externaltools.gnu-tools-for-stm32.13.3.rel1.linux64_1.0.0.202410170706/tools/arm-none-eabi/include/c++/13.3.1/bitset:697:7:static constexpr long long unsigned int std::_Sanitize_val<_Nb, true>::_S_do_sanitize_val(long long unsigned int) [with unsigned int _Nb = 16]	16	static
/opt/stm32cubeide/plugins/com.st.stm32cube.ide.mcu.externaltools.gnu-tools-for-stm32.13.3.rel1.linux64_1.0.0.202410170706/tools/arm-none-eabi/include/c++/13.3.1/bits/cpp_type_traits.h:607:5:_Iterator std::__miter_base(_Iterator) [with _Iterator = const unsigned char*]	16	static
/opt/stm32cubeide/plugins/com.st.stm32cube.ide.mcu.externaltools.gnu-tools-for-stm32.13.3.rel1.linux64_1.0.0.202410170706/tools/arm-none-eabi/include/c++/13.3.1/bits/stl_algobase.h:538:5:_OI std::__copy_move_a(_II, _II, _OI) [with bool _IsMove = false; _II = const unsigned char*; _OI = unsigned char*]	32	static
/opt/stm32cubeide/plugins/com.st.stm32cube.ide.mcu.externaltools.gnu-tools-for-stm32.13.3.rel1.linux64_1.0.0.202410170706/tools/arm-none-eabi/include/c++/13.3.1/bits/stl_algobase.h:316:5:_Iterator std::__niter_base(_Iterator) [with _Iterator = const unsigned char*]	16	static
/opt/stm32cubeide/plugins/com.st.stm32cube.ide.mcu.externaltools.gnu-tools-for-stm32.13.3.rel1.linux64_1.0.0.202410170706/tools/arm-none-eabi/include/c++/13.3.1/bits/stl_algobase.h:316:5:_Iterator std::__niter_base(_Iterator) [with _Iterator = unsigned char*]	16	static
/opt/stm32cubeide/plugins/com.st.stm32cube.ide.mcu.externaltools.gnu-tools-for-stm32.13.3.rel1.linux64_1.0.0.202410170706/tools/arm-none-eabi/include/c++/13.3.1/bits/stl_algobase.h:532:5:_OI std::__copy_move_a1(_II, _II, _OI) [with bool _IsMove = false; _II = const unsigned char*; _OI = unsigned char*]	24	static
/opt/stm32cubeide/plugins/com.st.stm32cube.ide.mcu.externaltools.gnu-tools-for-stm32.13.3.rel1.linux64_1.0.0.202410170706/tools/arm-none-eabi/include/c++/13.3.1/bits/stl_algobase.h:338:5:_Iterator std::__niter_wrap(const _Iterator&, _Iterator) [with _Iterator = unsigned char*]	16	static
/opt/stm32cubeide/plugins/com.st.stm32cube.ide.mcu.externaltools.gnu-tools-for-stm32.13.3.rel1.linux64_1.0.0.202410170706/tools/arm-none-eabi/include/c++/13.3.1/bits/stl_algobase.h:497:5:_OI std::__copy_move_a2(_II, _II, _OI) [with bool _IsMove = false; _II = const unsigned char*; _OI = unsigned char*]	24	static
/opt/stm32cubeide/plugins/com.st.stm32cube.ide.mcu.externaltools.gnu-tools-for-stm32.13.3.rel1.linux64_1.0.0.202410170706/tools/arm-none-eabi/include/c++/13.3.1/bits/stl_algobase.h:433:2:static _Up* std::__copy_move<_IsMove, true, std::random_access_iterator_tag>::__copy_m(_Tp*, _Tp*, _Up*) [with _Tp = const unsigned char; _Up = unsigned char; bool _IsMove = false]	32	static
/opt/stm32cubeide/plugins/com.st.stm32cube.ide.mcu.externaltools.gnu-tools-for-stm32.13.3.rel1.linux64_1.0.0.202410170706/tools/arm-none-eabi/include/c++/13.3.1/bits/stl_algobase.h:397:2:static void std::__copy_move<false, false, std::random_access_iterator_tag>::__assign_one(_Tp*, _Up*) [with _Tp = unsigned char; _Up = const unsigned char]	16	static
/home/marttave/projects/desnet_project/work/desenet-sensor/src/common/mdw/desenet/beacon.cpp:85:1:void __static_initialization_and_destruction_0()	32	static
/home/marttave/projects/desnet_project/work/desenet-sensor/src/common/mdw/desenet/beacon.cpp:85:1:void __static_initialization_and_destruction_1()	8	static
/home/marttave/projects/desnet_project/work/desenet-sensor/src/common/mdw/desenet/address.hpp:56:10:phy::Address<size>::~Address() [with unsigned int size = 4]	16	static
/home/marttave/projects/desnet_project/work/desenet-sensor/src/common/mdw/desenet/address.hpp:56:10:phy::Address<size>::~Address() [with unsigned int size = 4]	16	static
/home/marttave/projects/desnet_project/work/desenet-sensor/src/common/mdw/desenet/beacon.cpp:85:1:cpp)	8	static
/home/marttave/projects/desnet_project/work/desenet-sensor/src/common/mdw/desenet/beacon.cpp:85:1:cpp)	8	static
