/opt/stm32cubeide/plugins/com.st.stm32cube.ide.mcu.externaltools.gnu-tools-for-stm32.13.3.rel1.linux64_1.0.0.202410170706/tools/arm-none-eabi/include/c++/13.3.1/arm-none-eabi/thumb/v7e-m+fp/hard/bits/gthr-default.h:229:1:int __gthread_key_delete(__gthread_key_t)	16	static
/home/marttave/projects/desnet_project/work/desenet-sensor/src/common/platform/nucleo-stm32l476rg/board/transceiver/nrftransceiver.h:87:33:static board::NrfTransceiver& board::NrfTransceiver::instance()	8	static
../platform/nucleo-stm32l476rg/isrs.cpp:8:17:void HAL_GPIO_EXTI_Callback(uint16_t)	16	static
../platform/nucleo-stm32l476rg/isrs.cpp:39:17:void HAL_TIM_OC_DelayElapsedCallback(TIM_HandleTypeDef*)	16	static
/opt/stm32cubeide/plugins/com.st.stm32cube.ide.mcu.externaltools.gnu-tools-for-stm32.13.3.rel1.linux64_1.0.0.202410170706/tools/arm-none-eabi/include/c++/13.3.1/initializer_list:69:7:constexpr std::initializer_list<_E>::size_type std::initializer_list<_E>::size() const [with _E = unsigned char]	16	static
/home/marttave/projects/desnet_project/work/desenet-sensor/src/common/mdw/desenet/address.hpp:47:2:phy::Address<size>::Address(std::initializer_list<unsigned char>) [with unsigned int size = 4]	32	static
/opt/stm32cubeide/plugins/com.st.stm32cube.ide.mcu.externaltools.gnu-tools-for-stm32.13.3.rel1.linux64_1.0.0.202410170706/tools/arm-none-eabi/include/c++/13.3.1/initializer_list:73:7:constexpr const _E* std::initializer_list<_E>::begin() const [with _E = unsigned char]	16	static
/opt/stm32cubeide/plugins/com.st.stm32cube.ide.mcu.externaltools.gnu-tools-for-stm32.13.3.rel1.linux64_1.0.0.202410170706/tools/arm-none-eabi/include/c++/13.3.1/initializer_list:77:7:constexpr const _E* std::initializer_list<_E>::end() const [with _E = unsigned char]	24	static
/opt/stm32cubeide/plugins/com.st.stm32cube.ide.mcu.externaltools.gnu-tools-for-stm32.13.3.rel1.linux64_1.0.0.202410170706/tools/arm-none-eabi/include/c++/13.3.1/bits/stl_algobase.h:624:5:_OI std::copy(_II, _II, _OI) [with _II = const unsigned char*; _OI = unsigned char*]	32	static
/opt/stm32cubeide/plugins/com.st.stm32cube.ide.mcu.externaltools.gnu-tools-for-stm32.13.3.rel1.linux64_1.0.0.202410170706/tools/arm-none-eabi/include/c++/13.3.1/bits/cpp_type_traits.h:607:5:_Iterator std::__miter_base(_Iterator) [with _Iterator = const unsigned char*]	16	static
/opt/stm32cubeide/plugins/com.st.stm32cube.ide.mcu.externaltools.gnu-tools-for-stm32.13.3.rel1.linux64_1.0.0.202410170706/tools/arm-none-eabi/include/c++/13.3.1/bits/stl_algobase.h:538:5:_OI std::__copy_move_a(_II, _II, _OI) [with bool _IsMove = false; _II = const unsigned char*; _OI = unsigned char*]	32	static
/opt/stm32cubeide/plugins/com.st.stm32cube.ide.mcu.externaltools.gnu-tools-for-stm32.13.3.rel1.linux64_1.0.0.202410170706/tools/arm-none-eabi/include/c++/13.3.1/bits/stl_algobase.h:316:5:_Iterator std::__niter_base(_Iterator) [with _Iterator = const unsigned char*]	16	static
/opt/stm32cubeide/plugins/com.st.stm32cube.ide.mcu.externaltools.gnu-tools-for-stm32.13.3.rel1.linux64_1.0.0.202410170706/tools/arm-none-eabi/include/c++/13.3.1/bits/stl_algobase.h:316:5:_Iterator std::__niter_base(_Iterator) [with _Iterator = unsigned char*]	16	static
/opt/stm32cubeide/plugins/com.st.stm32cube.ide.mcu.externaltools.gnu-tools-for-stm32.13.3.rel1.linux64_1.0.0.202410170706/tools/arm-none-eabi/include/c++/13.3.1/bits/stl_algobase.h:532:5:_OI std::__copy_move_a1(_II, _II, _OI) [with bool _IsMove = false; _II = const unsigned char*; _OI = unsigned char*]	24	static
/opt/stm32cubeide/plugins/com.st.stm32cube.ide.mcu.externaltools.gnu-tools-for-stm32.13.3.rel1.linux64_1.0.0.202410170706/tools/arm-none-eabi/include/c++/13.3.1/bits/stl_algobase.h:338:5:_Iterator std::__niter_wrap(const _Iterator&, _Iterator) [with _Iterator = unsigned char*]	16	static
/opt/stm32cubeide/plugins/com.st.stm32cube.ide.mcu.externaltools.gnu-tools-for-stm32.13.3.rel1.linux64_1.0.0.202410170706/tools/arm-none-eabi/include/c++/13.3.1/bits/stl_algobase.h:497:5:_OI std::__copy_move_a2(_II, _II, _OI) [with bool _IsMove = false; _II = const unsigned char*; _OI = unsigned char*]	24	static
/opt/stm32cubeide/plugins/com.st.stm32cube.ide.mcu.externaltools.gnu-tools-for-stm32.13.3.rel1.linux64_1.0.0.202410170706/tools/arm-none-eabi/include/c++/13.3.1/bits/stl_algobase.h:433:2:static _Up* std::__copy_move<_IsMove, true, std::random_access_iterator_tag>::__copy_m(_Tp*, _Tp*, _Up*) [with _Tp = const unsigned char; _Up = unsigned char; bool _IsMove = false]	32	static
/opt/stm32cubeide/plugins/com.st.stm32cube.ide.mcu.externaltools.gnu-tools-for-stm32.13.3.rel1.linux64_1.0.0.202410170706/tools/arm-none-eabi/include/c++/13.3.1/bits/stl_algobase.h:397:2:static void std::__copy_move<false, false, std::random_access_iterator_tag>::__assign_one(_Tp*, _Up*) [with _Tp = unsigned char; _Up = const unsigned char]	16	static
../platform/nucleo-stm32l476rg/isrs.cpp:45:1:void __static_initialization_and_destruction_0()	32	static
../platform/nucleo-stm32l476rg/isrs.cpp:45:1:void __static_initialization_and_destruction_1()	8	static
/home/marttave/projects/desnet_project/work/desenet-sensor/src/common/mdw/desenet/address.hpp:56:10:phy::Address<size>::~Address() [with unsigned int size = 4]	16	static
/home/marttave/projects/desnet_project/work/desenet-sensor/src/common/mdw/desenet/address.hpp:56:10:phy::Address<size>::~Address() [with unsigned int size = 4]	16	static
../platform/nucleo-stm32l476rg/isrs.cpp:45:1:cpp)	8	static
../platform/nucleo-stm32l476rg/isrs.cpp:45:1:cpp)	8	static
