../Core/Src/main.c:80:5:main	8	static
../Core/Src/main.c:136:6:SystemClock_Config	96	static
../Core/Src/main.c:197:13:MX_I2C3_Init	8	static
../Core/Src/main.c:245:13:MX_SPI2_Init	8	static
../Core/Src/main.c:285:13:MX_SPI3_Init	8	static
../Core/Src/main.c:325:13:MX_TIM2_Init	64	static
../Core/Src/main.c:383:13:MX_USART2_UART_Init	8	static
../Core/Src/main.c:418:13:MX_USART3_UART_Init	8	static
../Core/Src/main.c:453:13:MX_GPIO_Init	48	static
../Core/Src/main.c:594:6:Error_Handler	4	static,ignoring_inline_asm
