/opt/stm32cubeide/plugins/com.st.stm32cube.ide.mcu.externaltools.gnu-tools-for-stm32.13.3.rel1.linux64_1.0.0.202410170706/tools/arm-none-eabi/include/c++/13.3.1/arm-none-eabi/thumb/v7e-m+fp/hard/bits/gthr-default.h:229:1:int __gthread_key_delete(__gthread_key_t)	16	static
/home/marttave/projects/desnet_project/work/desenet-sensor/ide-stm32cubeide/../src/xf/ixfevent.h:48:23:IXFEvent::eEventType IXFEvent::getEventType() const	16	static
/home/marttave/projects/desnet_project/work/desenet-sensor/ide-stm32cubeide/../src/xf/ixfevent.h:61:16:int IXFEvent::getId() const	16	static
/home/marttave/projects/desnet_project/work/desenet-sensor/ide-stm32cubeide/../src/xf/xftimeoutmanager.h:50:16:int XFTimeoutManager::tickInterval() const	16	static
/home/marttave/projects/desnet_project/work/desenet-sensor/ide-stm32cubeide/../src/xf/xftimeoutmanager.h:51:21:uint32_t XFTimeoutManager::sysTicksInMs() const	16	static
/home/marttave/projects/desnet_project/work/desenet-sensor/ide-stm32cubeide/../src/xf/xfeventstatus.h:32:5:EventStatus::EventStatus(eEventStatus)	16	static
/home/marttave/projects/desnet_project/work/desenet-sensor/src/common/mdw/clockwork/ttime.h:42:23:unsigned char TTime::hour() const	16	static
/home/marttave/projects/desnet_project/work/desenet-sensor/src/common/mdw/clockwork/ttime.h:44:23:unsigned char TTime::minute() const	16	static
/home/marttave/projects/desnet_project/work/desenet-sensor/src/common/mdw/clockwork/ttime.h:46:23:unsigned char TTime::second() const	16	static
/home/marttave/projects/desnet_project/work/desenet-sensor/src/common/mdw/clockwork/ttime.h:48:24:short unsigned int TTime::msec() const	16	static
/home/marttave/projects/desnet_project/work/desenet-sensor/src/common/mdw/clockwork/clockwork.cpp:12:1:Clockwork::Clockwork()	16	static
/home/marttave/projects/desnet_project/work/desenet-sensor/src/common/mdw/clockwork/clockwork.cpp:21:1:Clockwork::~Clockwork()	16	static
/home/marttave/projects/desnet_project/work/desenet-sensor/src/common/mdw/clockwork/clockwork.cpp:21:1:virtual Clockwork::~Clockwork()	16	static
/home/marttave/projects/desnet_project/work/desenet-sensor/src/common/mdw/clockwork/clockwork.cpp:25:6:void Clockwork::start()	16	static
/home/marttave/projects/desnet_project/work/desenet-sensor/src/common/mdw/clockwork/clockwork.cpp:30:15:const TTime& Clockwork::currentTime()	16	static
/home/marttave/projects/desnet_project/work/desenet-sensor/src/common/mdw/clockwork/clockwork.cpp:37:13:static Clockwork& Clockwork::instance()	8	static
/home/marttave/projects/desnet_project/work/desenet-sensor/src/common/mdw/clockwork/clockwork.cpp:43:6:void Clockwork::setCurrentTime(unsigned char, unsigned char, unsigned char, short unsigned int)	56	static
/home/marttave/projects/desnet_project/work/desenet-sensor/src/common/mdw/clockwork/clockwork.cpp:67:6:void Clockwork::setCurrentTime(const TTime&)	32	static
/home/marttave/projects/desnet_project/work/desenet-sensor/src/common/mdw/clockwork/clockwork.cpp:76:6:void Clockwork::time(unsigned char&, unsigned char&, unsigned char&, short unsigned int&)	24	static
/home/marttave/projects/desnet_project/work/desenet-sensor/src/common/mdw/clockwork/clockwork.cpp:87:13:virtual EventStatus Clockwork::processEvent()	24	static
/home/marttave/projects/desnet_project/work/desenet-sensor/src/common/mdw/clockwork/clockwork.cpp:129:6:virtual void Clockwork::doInit()	24	static
/home/marttave/projects/desnet_project/work/desenet-sensor/src/common/mdw/clockwork/clockwork.cpp:140:6:virtual void Clockwork::doShowCurrentTime()	40	static
/home/marttave/projects/desnet_project/work/desenet-sensor/src/common/mdw/clockwork/clockwork.cpp:151:6:virtual void Clockwork::doSecondUpdate()	64	static
/opt/stm32cubeide/plugins/com.st.stm32cube.ide.mcu.externaltools.gnu-tools-for-stm32.13.3.rel1.linux64_1.0.0.202410170706/tools/arm-none-eabi/include/c++/13.3.1/initializer_list:69:7:constexpr std::initializer_list<_E>::size_type std::initializer_list<_E>::size() const [with _E = unsigned char]	16	static
/home/marttave/projects/desnet_project/work/desenet-sensor/src/common/mdw/desenet/address.hpp:47:2:phy::Address<size>::Address(std::initializer_list<unsigned char>) [with unsigned int size = 4]	32	static
/opt/stm32cubeide/plugins/com.st.stm32cube.ide.mcu.externaltools.gnu-tools-for-stm32.13.3.rel1.linux64_1.0.0.202410170706/tools/arm-none-eabi/include/c++/13.3.1/initializer_list:73:7:constexpr const _E* std::initializer_list<_E>::begin() const [with _E = unsigned char]	16	static
/opt/stm32cubeide/plugins/com.st.stm32cube.ide.mcu.externaltools.gnu-tools-for-stm32.13.3.rel1.linux64_1.0.0.202410170706/tools/arm-none-eabi/include/c++/13.3.1/initializer_list:77:7:constexpr const _E* std::initializer_list<_E>::end() const [with _E = unsigned char]	24	static
/opt/stm32cubeide/plugins/com.st.stm32cube.ide.mcu.externaltools.gnu-tools-for-stm32.13.3.rel1.linux64_1.0.0.202410170706/tools/arm-none-eabi/include/c++/13.3.1/bits/stl_algobase.h:624:5:_OI std::copy(_II, _II, _OI) [with _II = const unsigned char*; _OI = unsigned char*]	32	static
/opt/stm32cubeide/plugins/com.st.stm32cube.ide.mcu.externaltools.gnu-tools-for-stm32.13.3.rel1.linux64_1.0.0.202410170706/tools/arm-none-eabi/include/c++/13.3.1/bits/cpp_type_traits.h:607:5:_Iterator std::__miter_base(_Iterator) [with _Iterator = const unsigned char*]	16	static
/opt/stm32cubeide/plugins/com.st.stm32cube.ide.mcu.externaltools.gnu-tools-for-stm32.13.3.rel1.linux64_1.0.0.202410170706/tools/arm-none-eabi/include/c++/13.3.1/bits/stl_algobase.h:538:5:_OI std::__copy_move_a(_II, _II, _OI) [with bool _IsMove = false; _II = const unsigned char*; _OI = unsigned char*]	32	static
/opt/stm32cubeide/plugins/com.st.stm32cube.ide.mcu.externaltools.gnu-tools-for-stm32.13.3.rel1.linux64_1.0.0.202410170706/tools/arm-none-eabi/include/c++/13.3.1/bits/stl_algobase.h:316:5:_Iterator std::__niter_base(_Iterator) [with _Iterator = const unsigned char*]	16	static
/opt/stm32cubeide/plugins/com.st.stm32cube.ide.mcu.externaltools.gnu-tools-for-stm32.13.3.rel1.linux64_1.0.0.202410170706/tools/arm-none-eabi/include/c++/13.3.1/bits/stl_algobase.h:316:5:_Iterator std::__niter_base(_Iterator) [with _Iterator = unsigned char*]	16	static
/opt/stm32cubeide/plugins/com.st.stm32cube.ide.mcu.externaltools.gnu-tools-for-stm32.13.3.rel1.linux64_1.0.0.202410170706/tools/arm-none-eabi/include/c++/13.3.1/bits/stl_algobase.h:532:5:_OI std::__copy_move_a1(_II, _II, _OI) [with bool _IsMove = false; _II = const unsigned char*; _OI = unsigned char*]	24	static
/opt/stm32cubeide/plugins/com.st.stm32cube.ide.mcu.externaltools.gnu-tools-for-stm32.13.3.rel1.linux64_1.0.0.202410170706/tools/arm-none-eabi/include/c++/13.3.1/bits/stl_algobase.h:338:5:_Iterator std::__niter_wrap(const _Iterator&, _Iterator) [with _Iterator = unsigned char*]	16	static
/opt/stm32cubeide/plugins/com.st.stm32cube.ide.mcu.externaltools.gnu-tools-for-stm32.13.3.rel1.linux64_1.0.0.202410170706/tools/arm-none-eabi/include/c++/13.3.1/bits/stl_algobase.h:497:5:_OI std::__copy_move_a2(_II, _II, _OI) [with bool _IsMove = false; _II = const unsigned char*; _OI = unsigned char*]	24	static
/opt/stm32cubeide/plugins/com.st.stm32cube.ide.mcu.externaltools.gnu-tools-for-stm32.13.3.rel1.linux64_1.0.0.202410170706/tools/arm-none-eabi/include/c++/13.3.1/bits/stl_algobase.h:433:2:static _Up* std::__copy_move<_IsMove, true, std::random_access_iterator_tag>::__copy_m(_Tp*, _Tp*, _Up*) [with _Tp = const unsigned char; _Up = unsigned char; bool _IsMove = false]	32	static
/opt/stm32cubeide/plugins/com.st.stm32cube.ide.mcu.externaltools.gnu-tools-for-stm32.13.3.rel1.linux64_1.0.0.202410170706/tools/arm-none-eabi/include/c++/13.3.1/bits/stl_algobase.h:397:2:static void std::__copy_move<false, false, std::random_access_iterator_tag>::__assign_one(_Tp*, _Up*) [with _Tp = unsigned char; _Up = const unsigned char]	16	static
/home/marttave/projects/desnet_project/work/desenet-sensor/src/common/mdw/clockwork/clockwork.cpp:210:1:void __static_initialization_and_destruction_0()	32	static
/home/marttave/projects/desnet_project/work/desenet-sensor/src/common/mdw/clockwork/clockwork.cpp:210:1:void __static_initialization_and_destruction_1()	8	static
/home/marttave/projects/desnet_project/work/desenet-sensor/src/common/mdw/desenet/address.hpp:56:10:phy::Address<size>::~Address() [with unsigned int size = 4]	16	static
/home/marttave/projects/desnet_project/work/desenet-sensor/src/common/mdw/desenet/address.hpp:56:10:phy::Address<size>::~Address() [with unsigned int size = 4]	16	static
/home/marttave/projects/desnet_project/work/desenet-sensor/src/common/mdw/clockwork/clockwork.cpp:210:1:cpp)	8	static
/home/marttave/projects/desnet_project/work/desenet-sensor/src/common/mdw/clockwork/clockwork.cpp:210:1:cpp)	8	static
