/opt/stm32cubeide/plugins/com.st.stm32cube.ide.mcu.externaltools.gnu-tools-for-stm32.13.3.rel1.linux64_1.0.0.202410170706/tools/arm-none-eabi/include/c++/13.3.1/new:174:33:void* operator new(std::size_t, void*)	16	static
/opt/stm32cubeide/plugins/com.st.stm32cube.ide.mcu.externaltools.gnu-tools-for-stm32.13.3.rel1.linux64_1.0.0.202410170706/tools/arm-none-eabi/include/c++/13.3.1/arm-none-eabi/thumb/v7e-m+fp/hard/bits/gthr-default.h:229:1:int __gthread_key_delete(__gthread_key_t)	16	static
/opt/stm32cubeide/plugins/com.st.stm32cube.ide.mcu.externaltools.gnu-tools-for-stm32.13.3.rel1.linux64_1.0.0.202410170706/tools/arm-none-eabi/include/c++/13.3.1/bits/shared_ptr_base.h:293:5:void std::_Sp_counted_base<_Lp>::_M_release() [with __gnu_cxx::_Lock_policy _Lp = __gnu_cxx::_S_single]	16	static
/home/marttave/projects/desnet_project/work/desenet-sensor/ide-stm32cubeide/../src/xf/ixfevent.h:48:23:IXFEvent::eEventType IXFEvent::getEventType() const	16	static
/home/marttave/projects/desnet_project/work/desenet-sensor/ide-stm32cubeide/../src/xf/ixfevent.h:61:16:int IXFEvent::getId() const	16	static
/home/marttave/projects/desnet_project/work/desenet-sensor/ide-stm32cubeide/../src/xf/xfeventstatus.h:32:5:EventStatus::EventStatus(eEventStatus)	16	static
/home/marttave/projects/desnet_project/work/desenet-sensor/src/common/mdw/desenet/sensor/abstractapplication.h:23:9:desenet::sensor::AbstractApplication::AbstractApplication()	16	static
/home/marttave/projects/desnet_project/work/desenet-sensor/src/common/mdw/desenet/sensor/abstractapplication.h:24:17:desenet::sensor::AbstractApplication::~AbstractApplication()	16	static
/home/marttave/projects/desnet_project/work/desenet-sensor/src/common/mdw/desenet/sensor/abstractapplication.h:24:17:virtual desenet::sensor::AbstractApplication::~AbstractApplication()	16	static
/home/marttave/projects/desnet_project/work/desenet-sensor/src/common/platform/platform-common/board/interfaces/ijoystickobserver.h:17:11:IJoystickObserver::IJoystickObserver()	16	static
/home/marttave/projects/desnet_project/work/desenet-sensor/src/common/platform/platform-common/board/interfaces/ijoystickobserver.h:18:10:IJoystickObserver::~IJoystickObserver()	16	static
/home/marttave/projects/desnet_project/work/desenet-sensor/src/common/platform/platform-common/board/interfaces/ijoystickobserver.h:18:10:virtual IJoystickObserver::~IJoystickObserver()	16	static
/opt/stm32cubeide/plugins/com.st.stm32cube.ide.mcu.externaltools.gnu-tools-for-stm32.13.3.rel1.linux64_1.0.0.202410170706/tools/arm-none-eabi/include/c++/13.3.1/bits/shared_ptr_base.h:1524:7:std::__shared_ptr<_Tp, _Lp>::~__shared_ptr() [with _Tp = unsigned char; __gnu_cxx::_Lock_policy _Lp = __gnu_cxx::_S_single]	16	static
/opt/stm32cubeide/plugins/com.st.stm32cube.ide.mcu.externaltools.gnu-tools-for-stm32.13.3.rel1.linux64_1.0.0.202410170706/tools/arm-none-eabi/include/c++/13.3.1/bits/shared_ptr.h:175:11:std::shared_ptr<unsigned char>::~shared_ptr()	16	static
/home/marttave/projects/desnet_project/work/desenet-sensor/src/common/mdw/containers/sharedbuffer.hpp:19:11:hei::SharedBuffer<unsigned char>::~SharedBuffer()	16	static
/home/marttave/projects/desnet_project/work/desenet-sensor/src/app/joystickapplication.h:42:9:app::JoystickApplication::evPosition::evPosition(IJoystick::Position)	16	static
/home/marttave/projects/desnet_project/work/desenet-sensor/src/app/joystickapplication.cpp:7:1:app::JoystickApplication::JoystickApplication()	16	static
/home/marttave/projects/desnet_project/work/desenet-sensor/src/app/joystickapplication.cpp:11:1:app::JoystickApplication::~JoystickApplication()	16	static
/home/marttave/projects/desnet_project/work/desenet-sensor/src/app/joystickapplication.cpp:11:1:virtual app::JoystickApplication::~JoystickApplication()	16	static
/home/marttave/projects/desnet_project/work/desenet-sensor/src/app/joystickapplication.cpp:15:6:void app::JoystickApplication::initialize()	16	static
/home/marttave/projects/desnet_project/work/desenet-sensor/src/app/joystickapplication.cpp:30:6:void app::JoystickApplication::start()	16	static
/home/marttave/projects/desnet_project/work/desenet-sensor/src/app/joystickapplication.cpp:37:13:virtual EventStatus app::JoystickApplication::processEvent()	32	static
/home/marttave/projects/desnet_project/work/desenet-sensor/src/app/joystickapplication.cpp:56:6:virtual void app::JoystickApplication::onPositionChange(IJoystick::Position)	32	static
/home/marttave/projects/desnet_project/work/desenet-sensor/src/app/joystickapplication.cpp:63:19:board::Joystick& app::JoystickApplication::joystick() const	16	static
/opt/stm32cubeide/plugins/com.st.stm32cube.ide.mcu.externaltools.gnu-tools-for-stm32.13.3.rel1.linux64_1.0.0.202410170706/tools/arm-none-eabi/include/c++/13.3.1/bits/shared_ptr_base.h:143:7:void std::_Sp_counted_base<_Lp>::_M_destroy() [with __gnu_cxx::_Lock_policy _Lp = __gnu_cxx::_S_single]	16	static
/opt/stm32cubeide/plugins/com.st.stm32cube.ide.mcu.externaltools.gnu-tools-for-stm32.13.3.rel1.linux64_1.0.0.202410170706/tools/arm-none-eabi/include/c++/13.3.1/initializer_list:69:7:constexpr std::initializer_list<_E>::size_type std::initializer_list<_E>::size() const [with _E = unsigned char]	16	static
/home/marttave/projects/desnet_project/work/desenet-sensor/src/common/mdw/desenet/address.hpp:47:2:phy::Address<size>::Address(std::initializer_list<unsigned char>) [with unsigned int size = 4]	32	static
/home/marttave/projects/desnet_project/work/desenet-sensor/src/common/mdw/containers/sharedbuffer.hpp:42:67:hei::SharedBuffer<unsigned char>::SharedBuffer(sizeType)::<lambda(hei::SharedBuffer<unsigned char>::pointer)>	16	static
/home/marttave/projects/desnet_project/work/desenet-sensor/src/common/mdw/containers/sharedbuffer.hpp:41:18:hei::SharedBuffer<T>::SharedBuffer(sizeType) [with T = unsigned char]	32	static
/opt/stm32cubeide/plugins/com.st.stm32cube.ide.mcu.externaltools.gnu-tools-for-stm32.13.3.rel1.linux64_1.0.0.202410170706/tools/arm-none-eabi/include/c++/13.3.1/bits/shared_ptr_base.h:1068:7:std::__shared_count<_Lp>::~__shared_count() [with __gnu_cxx::_Lock_policy _Lp = __gnu_cxx::_S_single]	16	static
/home/marttave/projects/desnet_project/work/desenet-sensor/src/common/mdw/containers/sharedbuffer.hpp:243:17:T* hei::SharedBuffer<T>::data() [with T = unsigned char]	16	static
/opt/stm32cubeide/plugins/com.st.stm32cube.ide.mcu.externaltools.gnu-tools-for-stm32.13.3.rel1.linux64_1.0.0.202410170706/tools/arm-none-eabi/include/c++/13.3.1/bits/shared_ptr_base.h:133:7:std::_Sp_counted_base<_Lp>::~_Sp_counted_base() [with __gnu_cxx::_Lock_policy _Lp = __gnu_cxx::_S_single]	16	static
/opt/stm32cubeide/plugins/com.st.stm32cube.ide.mcu.externaltools.gnu-tools-for-stm32.13.3.rel1.linux64_1.0.0.202410170706/tools/arm-none-eabi/include/c++/13.3.1/bits/shared_ptr_base.h:133:7:std::_Sp_counted_base<_Lp>::~_Sp_counted_base() [with __gnu_cxx::_Lock_policy _Lp = __gnu_cxx::_S_single]	16	static
/opt/stm32cubeide/plugins/com.st.stm32cube.ide.mcu.externaltools.gnu-tools-for-stm32.13.3.rel1.linux64_1.0.0.202410170706/tools/arm-none-eabi/include/c++/13.3.1/initializer_list:73:7:constexpr const _E* std::initializer_list<_E>::begin() const [with _E = unsigned char]	16	static
/opt/stm32cubeide/plugins/com.st.stm32cube.ide.mcu.externaltools.gnu-tools-for-stm32.13.3.rel1.linux64_1.0.0.202410170706/tools/arm-none-eabi/include/c++/13.3.1/initializer_list:77:7:constexpr const _E* std::initializer_list<_E>::end() const [with _E = unsigned char]	24	static
/opt/stm32cubeide/plugins/com.st.stm32cube.ide.mcu.externaltools.gnu-tools-for-stm32.13.3.rel1.linux64_1.0.0.202410170706/tools/arm-none-eabi/include/c++/13.3.1/bits/stl_algobase.h:624:5:_OI std::copy(_II, _II, _OI) [with _II = const unsigned char*; _OI = unsigned char*]	32	static
/opt/stm32cubeide/plugins/com.st.stm32cube.ide.mcu.externaltools.gnu-tools-for-stm32.13.3.rel1.linux64_1.0.0.202410170706/tools/arm-none-eabi/include/c++/13.3.1/bits/shared_ptr.h:202:17:constexpr std::shared_ptr<_Tp>::shared_ptr() [with _Tp = unsigned char]	16	static
/opt/stm32cubeide/plugins/com.st.stm32cube.ide.mcu.externaltools.gnu-tools-for-stm32.13.3.rel1.linux64_1.0.0.202410170706/tools/arm-none-eabi/include/c++/13.3.1/bits/shared_ptr.h:231:2:std::shared_ptr<_Tp>::shared_ptr(_Yp*, _Deleter) [with _Yp = unsigned char; _Deleter = hei::SharedBuffer<unsigned char>::SharedBuffer(sizeType)::<lambda(hei::SharedBuffer<unsigned char>::pointer)>; <template-parameter-2-3> = void; _Tp = unsigned char]	32	static
/opt/stm32cubeide/plugins/com.st.stm32cube.ide.mcu.externaltools.gnu-tools-for-stm32.13.3.rel1.linux64_1.0.0.202410170706/tools/arm-none-eabi/include/c++/13.3.1/bits/shared_ptr.h:438:7:std::shared_ptr<_Tp>& std::shared_ptr<_Tp>::operator=(std::shared_ptr<_Tp>&&) [with _Tp = unsigned char]	24	static
/opt/stm32cubeide/plugins/com.st.stm32cube.ide.mcu.externaltools.gnu-tools-for-stm32.13.3.rel1.linux64_1.0.0.202410170706/tools/arm-none-eabi/include/c++/13.3.1/bits/shared_ptr_base.h:1665:7:std::__shared_ptr<_Tp, _Lp>::element_type* std::__shared_ptr<_Tp, _Lp>::get() const [with _Tp = unsigned char; __gnu_cxx::_Lock_policy _Lp = __gnu_cxx::_S_single]	16	static
/opt/stm32cubeide/plugins/com.st.stm32cube.ide.mcu.externaltools.gnu-tools-for-stm32.13.3.rel1.linux64_1.0.0.202410170706/tools/arm-none-eabi/include/c++/13.3.1/bits/cpp_type_traits.h:607:5:_Iterator std::__miter_base(_Iterator) [with _Iterator = const unsigned char*]	16	static
/opt/stm32cubeide/plugins/com.st.stm32cube.ide.mcu.externaltools.gnu-tools-for-stm32.13.3.rel1.linux64_1.0.0.202410170706/tools/arm-none-eabi/include/c++/13.3.1/bits/stl_algobase.h:538:5:_OI std::__copy_move_a(_II, _II, _OI) [with bool _IsMove = false; _II = const unsigned char*; _OI = unsigned char*]	32	static
/opt/stm32cubeide/plugins/com.st.stm32cube.ide.mcu.externaltools.gnu-tools-for-stm32.13.3.rel1.linux64_1.0.0.202410170706/tools/arm-none-eabi/include/c++/13.3.1/bits/shared_ptr_base.h:1462:17:constexpr std::__shared_ptr<_Tp, _Lp>::__shared_ptr() [with _Tp = unsigned char; __gnu_cxx::_Lock_policy _Lp = __gnu_cxx::_S_single]	16	static
/opt/stm32cubeide/plugins/com.st.stm32cube.ide.mcu.externaltools.gnu-tools-for-stm32.13.3.rel1.linux64_1.0.0.202410170706/tools/arm-none-eabi/include/c++/13.3.1/bits/move.h:97:5:constexpr typename std::remove_reference<_Tp>::type&& std::move(_Tp&&) [with _Tp = hei::SharedBuffer<unsigned char>::SharedBuffer(sizeType)::<lambda(hei::SharedBuffer<unsigned char>::pointer)>&]	16	static
/opt/stm32cubeide/plugins/com.st.stm32cube.ide.mcu.externaltools.gnu-tools-for-stm32.13.3.rel1.linux64_1.0.0.202410170706/tools/arm-none-eabi/include/c++/13.3.1/bits/shared_ptr_base.h:1477:2:std::__shared_ptr<_Tp, _Lp>::__shared_ptr(_Yp*, _Deleter) [with _Yp = unsigned char; _Deleter = hei::SharedBuffer<unsigned char>::SharedBuffer(sizeType)::<lambda(hei::SharedBuffer<unsigned char>::pointer)>; <template-parameter-2-3> = void; _Tp = unsigned char; __gnu_cxx::_Lock_policy _Lp = __gnu_cxx::_S_single]	32	static
/opt/stm32cubeide/plugins/com.st.stm32cube.ide.mcu.externaltools.gnu-tools-for-stm32.13.3.rel1.linux64_1.0.0.202410170706/tools/arm-none-eabi/include/c++/13.3.1/bits/move.h:97:5:constexpr typename std::remove_reference<_Tp>::type&& std::move(_Tp&&) [with _Tp = shared_ptr<unsigned char>&]	16	static
/opt/stm32cubeide/plugins/com.st.stm32cube.ide.mcu.externaltools.gnu-tools-for-stm32.13.3.rel1.linux64_1.0.0.202410170706/tools/arm-none-eabi/include/c++/13.3.1/bits/shared_ptr_base.h:1618:7:std::__shared_ptr<_Tp, _Lp>& std::__shared_ptr<_Tp, _Lp>::operator=(std::__shared_ptr<_Tp, _Lp>&&) [with _Tp = unsigned char; __gnu_cxx::_Lock_policy _Lp = __gnu_cxx::_S_single]	24	static
/opt/stm32cubeide/plugins/com.st.stm32cube.ide.mcu.externaltools.gnu-tools-for-stm32.13.3.rel1.linux64_1.0.0.202410170706/tools/arm-none-eabi/include/c++/13.3.1/bits/stl_algobase.h:316:5:_Iterator std::__niter_base(_Iterator) [with _Iterator = const unsigned char*]	16	static
/opt/stm32cubeide/plugins/com.st.stm32cube.ide.mcu.externaltools.gnu-tools-for-stm32.13.3.rel1.linux64_1.0.0.202410170706/tools/arm-none-eabi/include/c++/13.3.1/bits/stl_algobase.h:316:5:_Iterator std::__niter_base(_Iterator) [with _Iterator = unsigned char*]	16	static
/opt/stm32cubeide/plugins/com.st.stm32cube.ide.mcu.externaltools.gnu-tools-for-stm32.13.3.rel1.linux64_1.0.0.202410170706/tools/arm-none-eabi/include/c++/13.3.1/bits/stl_algobase.h:532:5:_OI std::__copy_move_a1(_II, _II, _OI) [with bool _IsMove = false; _II = const unsigned char*; _OI = unsigned char*]	24	static
/opt/stm32cubeide/plugins/com.st.stm32cube.ide.mcu.externaltools.gnu-tools-for-stm32.13.3.rel1.linux64_1.0.0.202410170706/tools/arm-none-eabi/include/c++/13.3.1/bits/stl_algobase.h:338:5:_Iterator std::__niter_wrap(const _Iterator&, _Iterator) [with _Iterator = unsigned char*]	16	static
/opt/stm32cubeide/plugins/com.st.stm32cube.ide.mcu.externaltools.gnu-tools-for-stm32.13.3.rel1.linux64_1.0.0.202410170706/tools/arm-none-eabi/include/c++/13.3.1/bits/shared_ptr_base.h:908:17:constexpr std::__shared_count<_Lp>::__shared_count() [with __gnu_cxx::_Lock_policy _Lp = __gnu_cxx::_S_single]	16	static
/opt/stm32cubeide/plugins/com.st.stm32cube.ide.mcu.externaltools.gnu-tools-for-stm32.13.3.rel1.linux64_1.0.0.202410170706/tools/arm-none-eabi/include/c++/13.3.1/bits/shared_ptr_base.h:938:2:std::__shared_count<_Lp>::__shared_count(_Ptr, _Deleter) [with _Ptr = unsigned char*; _Deleter = hei::SharedBuffer<unsigned char>::SharedBuffer(sizeType)::<lambda(hei::SharedBuffer<unsigned char>::pointer)>; <template-parameter-2-3> = void; __gnu_cxx::_Lock_policy _Lp = __gnu_cxx::_S_single]	32	static
/opt/stm32cubeide/plugins/com.st.stm32cube.ide.mcu.externaltools.gnu-tools-for-stm32.13.3.rel1.linux64_1.0.0.202410170706/tools/arm-none-eabi/include/c++/13.3.1/bits/shared_ptr_base.h:1765:2:typename std::enable_if<(! std::__shared_ptr<_Tp, _Lp>::__has_esft_base<_Yp2>::value)>::type std::__shared_ptr<_Tp, _Lp>::_M_enable_shared_from_this_with(_Yp*) [with _Yp = unsigned char; _Yp2 = unsigned char; _Tp = unsigned char; __gnu_cxx::_Lock_policy _Lp = __gnu_cxx::_S_single]	16	static
/opt/stm32cubeide/plugins/com.st.stm32cube.ide.mcu.externaltools.gnu-tools-for-stm32.13.3.rel1.linux64_1.0.0.202410170706/tools/arm-none-eabi/include/c++/13.3.1/bits/move.h:97:5:constexpr typename std::remove_reference<_Tp>::type&& std::move(_Tp&&) [with _Tp = __shared_ptr<unsigned char, __gnu_cxx::_S_single>&]	16	static
/opt/stm32cubeide/plugins/com.st.stm32cube.ide.mcu.externaltools.gnu-tools-for-stm32.13.3.rel1.linux64_1.0.0.202410170706/tools/arm-none-eabi/include/c++/13.3.1/bits/shared_ptr_base.h:1531:7:std::__shared_ptr<_Tp, _Lp>::__shared_ptr(std::__shared_ptr<_Tp, _Lp>&&) [with _Tp = unsigned char; __gnu_cxx::_Lock_policy _Lp = __gnu_cxx::_S_single]	16	static
/opt/stm32cubeide/plugins/com.st.stm32cube.ide.mcu.externaltools.gnu-tools-for-stm32.13.3.rel1.linux64_1.0.0.202410170706/tools/arm-none-eabi/include/c++/13.3.1/bits/shared_ptr_base.h:1684:7:void std::__shared_ptr<_Tp, _Lp>::swap(std::__shared_ptr<_Tp, _Lp>&) [with _Tp = unsigned char; __gnu_cxx::_Lock_policy _Lp = __gnu_cxx::_S_single]	16	static
/opt/stm32cubeide/plugins/com.st.stm32cube.ide.mcu.externaltools.gnu-tools-for-stm32.13.3.rel1.linux64_1.0.0.202410170706/tools/arm-none-eabi/include/c++/13.3.1/bits/stl_algobase.h:497:5:_OI std::__copy_move_a2(_II, _II, _OI) [with bool _IsMove = false; _II = const unsigned char*; _OI = unsigned char*]	24	static
/opt/stm32cubeide/plugins/com.st.stm32cube.ide.mcu.externaltools.gnu-tools-for-stm32.13.3.rel1.linux64_1.0.0.202410170706/tools/arm-none-eabi/include/c++/13.3.1/bits/shared_ptr_base.h:944:2:std::__shared_count<_Lp>::__shared_count(_Ptr, _Deleter, _Alloc) [with _Ptr = unsigned char*; _Deleter = hei::SharedBuffer<unsigned char>::SharedBuffer(sizeType)::<lambda(hei::SharedBuffer<unsigned char>::pointer)>; _Alloc = std::allocator<void>; <template-parameter-2-4> = void; __gnu_cxx::_Lock_policy _Lp = __gnu_cxx::_S_single]	56	static
/opt/stm32cubeide/plugins/com.st.stm32cube.ide.mcu.externaltools.gnu-tools-for-stm32.13.3.rel1.linux64_1.0.0.202410170706/tools/arm-none-eabi/include/c++/13.3.1/bits/shared_ptr_base.h:1097:7:void std::__shared_count<_Lp>::_M_swap(std::__shared_count<_Lp>&) [with __gnu_cxx::_Lock_policy _Lp = __gnu_cxx::_S_single]	24	static
/opt/stm32cubeide/plugins/com.st.stm32cube.ide.mcu.externaltools.gnu-tools-for-stm32.13.3.rel1.linux64_1.0.0.202410170706/tools/arm-none-eabi/include/c++/13.3.1/bits/move.h:189:5:std::_Require<std::__not_<std::__is_tuple_like<_Tp> >, std::is_move_constructible<_Tp>, std::is_move_assignable<_Tp> > std::swap(_Tp&, _Tp&) [with _Tp = unsigned char*]	24	static
/opt/stm32cubeide/plugins/com.st.stm32cube.ide.mcu.externaltools.gnu-tools-for-stm32.13.3.rel1.linux64_1.0.0.202410170706/tools/arm-none-eabi/include/c++/13.3.1/bits/stl_algobase.h:433:2:static _Up* std::__copy_move<_IsMove, true, std::random_access_iterator_tag>::__copy_m(_Tp*, _Tp*, _Up*) [with _Tp = const unsigned char; _Up = unsigned char; bool _IsMove = false]	32	static
/opt/stm32cubeide/plugins/com.st.stm32cube.ide.mcu.externaltools.gnu-tools-for-stm32.13.3.rel1.linux64_1.0.0.202410170706/tools/arm-none-eabi/include/c++/13.3.1/bits/allocated_ptr.h:96:5:std::__allocated_ptr<_Alloc> std::__allocate_guarded(_Alloc&) [with _Alloc = allocator<_Sp_counted_deleter<unsigned char*, hei::SharedBuffer<unsigned char>::SharedBuffer(sizeType)::<lambda(hei::SharedBuffer<unsigned char>::pointer)>, allocator<void>, __gnu_cxx::_S_single> >]	24	static
/opt/stm32cubeide/plugins/com.st.stm32cube.ide.mcu.externaltools.gnu-tools-for-stm32.13.3.rel1.linux64_1.0.0.202410170706/tools/arm-none-eabi/include/c++/13.3.1/bits/allocated_ptr.h:71:7:std::__allocated_ptr<_Alloc>::~__allocated_ptr() [with _Alloc = std::allocator<std::_Sp_counted_deleter<unsigned char*, hei::SharedBuffer<unsigned char>::SharedBuffer(sizeType)::<lambda(hei::SharedBuffer<unsigned char>::pointer)>, std::allocator<void>, __gnu_cxx::_S_single> >]	32	static
/opt/stm32cubeide/plugins/com.st.stm32cube.ide.mcu.externaltools.gnu-tools-for-stm32.13.3.rel1.linux64_1.0.0.202410170706/tools/arm-none-eabi/include/c++/13.3.1/bits/allocated_ptr.h:86:19:std::__allocated_ptr<_Alloc>::value_type* std::__allocated_ptr<_Alloc>::get() [with _Alloc = std::allocator<std::_Sp_counted_deleter<unsigned char*, hei::SharedBuffer<unsigned char>::SharedBuffer(sizeType)::<lambda(hei::SharedBuffer<unsigned char>::pointer)>, std::allocator<void>, __gnu_cxx::_S_single> >]	16	static
/opt/stm32cubeide/plugins/com.st.stm32cube.ide.mcu.externaltools.gnu-tools-for-stm32.13.3.rel1.linux64_1.0.0.202410170706/tools/arm-none-eabi/include/c++/13.3.1/bits/move.h:97:5:constexpr typename std::remove_reference<_Tp>::type&& std::move(_Tp&&) [with _Tp = allocator<void>&]	16	static
/opt/stm32cubeide/plugins/com.st.stm32cube.ide.mcu.externaltools.gnu-tools-for-stm32.13.3.rel1.linux64_1.0.0.202410170706/tools/arm-none-eabi/include/c++/13.3.1/bits/shared_ptr_base.h:520:7:std::_Sp_counted_deleter<_Ptr, _Deleter, _Alloc, _Lp>::_Sp_counted_deleter(_Ptr, _Deleter, const _Alloc&) [with _Ptr = unsigned char*; _Deleter = hei::SharedBuffer<unsigned char>::SharedBuffer(sizeType)::<lambda(hei::SharedBuffer<unsigned char>::pointer)>; _Alloc = std::allocator<void>; __gnu_cxx::_Lock_policy _Lp = __gnu_cxx::_S_single]	32	static
/opt/stm32cubeide/plugins/com.st.stm32cube.ide.mcu.externaltools.gnu-tools-for-stm32.13.3.rel1.linux64_1.0.0.202410170706/tools/arm-none-eabi/include/c++/13.3.1/bits/allocated_ptr.h:79:7:std::__allocated_ptr<_Alloc>& std::__allocated_ptr<_Alloc>::operator=(std::nullptr_t) [with _Alloc = std::allocator<std::_Sp_counted_deleter<unsigned char*, hei::SharedBuffer<unsigned char>::SharedBuffer(sizeType)::<lambda(hei::SharedBuffer<unsigned char>::pointer)>, std::allocator<void>, __gnu_cxx::_S_single> >]	16	static
/opt/stm32cubeide/plugins/com.st.stm32cube.ide.mcu.externaltools.gnu-tools-for-stm32.13.3.rel1.linux64_1.0.0.202410170706/tools/arm-none-eabi/include/c++/13.3.1/bits/move.h:97:5:constexpr typename std::remove_reference<_Tp>::type&& std::move(_Tp&&) [with _Tp = unsigned char*&]	16	static
/opt/stm32cubeide/plugins/com.st.stm32cube.ide.mcu.externaltools.gnu-tools-for-stm32.13.3.rel1.linux64_1.0.0.202410170706/tools/arm-none-eabi/include/c++/13.3.1/bits/stl_algobase.h:397:2:static void std::__copy_move<false, false, std::random_access_iterator_tag>::__assign_one(_Tp*, _Up*) [with _Tp = unsigned char; _Up = const unsigned char]	16	static
/opt/stm32cubeide/plugins/com.st.stm32cube.ide.mcu.externaltools.gnu-tools-for-stm32.13.3.rel1.linux64_1.0.0.202410170706/tools/arm-none-eabi/include/c++/13.3.1/bits/new_allocator.h:104:7:std::__new_allocator<_Tp>::~__new_allocator() [with _Tp = std::_Sp_counted_deleter<unsigned char*, hei::SharedBuffer<unsigned char>::SharedBuffer(sizeType)::<lambda(hei::SharedBuffer<unsigned char>::pointer)>, std::allocator<void>, __gnu_cxx::_S_single>]	16	static
/opt/stm32cubeide/plugins/com.st.stm32cube.ide.mcu.externaltools.gnu-tools-for-stm32.13.3.rel1.linux64_1.0.0.202410170706/tools/arm-none-eabi/include/c++/13.3.1/bits/allocated_ptr.h:53:7:std::__allocated_ptr<_Alloc>::__allocated_ptr(_Alloc&, pointer) [with _Alloc = std::allocator<std::_Sp_counted_deleter<unsigned char*, hei::SharedBuffer<unsigned char>::SharedBuffer(sizeType)::<lambda(hei::SharedBuffer<unsigned char>::pointer)>, std::allocator<void>, __gnu_cxx::_S_single> >]	24	static
/opt/stm32cubeide/plugins/com.st.stm32cube.ide.mcu.externaltools.gnu-tools-for-stm32.13.3.rel1.linux64_1.0.0.202410170706/tools/arm-none-eabi/include/c++/13.3.1/bits/ptr_traits.h:212:5:constexpr _Tp* std::__to_address(_Tp*) [with _Tp = _Sp_counted_deleter<unsigned char*, hei::SharedBuffer<unsigned char>::SharedBuffer(sizeType)::<lambda(hei::SharedBuffer<unsigned char>::pointer)>, allocator<void>, __gnu_cxx::_S_single>]	16	static
/opt/stm32cubeide/plugins/com.st.stm32cube.ide.mcu.externaltools.gnu-tools-for-stm32.13.3.rel1.linux64_1.0.0.202410170706/tools/arm-none-eabi/include/c++/13.3.1/bits/shared_ptr_base.h:129:7:std::_Sp_counted_base<_Lp>::_Sp_counted_base() [with __gnu_cxx::_Lock_policy _Lp = __gnu_cxx::_S_single]	16	static
/opt/stm32cubeide/plugins/com.st.stm32cube.ide.mcu.externaltools.gnu-tools-for-stm32.13.3.rel1.linux64_1.0.0.202410170706/tools/arm-none-eabi/include/c++/13.3.1/bits/shared_ptr_base.h:502:2:std::_Sp_counted_deleter<_Ptr, _Deleter, _Alloc, _Lp>::_Impl::_Impl(_Ptr, _Deleter, const _Alloc&) [with _Ptr = unsigned char*; _Deleter = hei::SharedBuffer<unsigned char>::SharedBuffer(sizeType)::<lambda(hei::SharedBuffer<unsigned char>::pointer)>; _Alloc = std::allocator<void>; __gnu_cxx::_Lock_policy _Lp = __gnu_cxx::_S_single]	24	static
/opt/stm32cubeide/plugins/com.st.stm32cube.ide.mcu.externaltools.gnu-tools-for-stm32.13.3.rel1.linux64_1.0.0.202410170706/tools/arm-none-eabi/include/c++/13.3.1/bits/new_allocator.h:126:7:_Tp* std::__new_allocator<_Tp>::allocate(size_type, const void*) [with _Tp = std::_Sp_counted_deleter<unsigned char*, hei::SharedBuffer<unsigned char>::SharedBuffer(sizeType)::<lambda(hei::SharedBuffer<unsigned char>::pointer)>, std::allocator<void>, __gnu_cxx::_S_single>]	32	static
/opt/stm32cubeide/plugins/com.st.stm32cube.ide.mcu.externaltools.gnu-tools-for-stm32.13.3.rel1.linux64_1.0.0.202410170706/tools/arm-none-eabi/include/c++/13.3.1/bits/move.h:51:5:constexpr _Tp* std::__addressof(_Tp&) [with _Tp = allocator<_Sp_counted_deleter<unsigned char*, hei::SharedBuffer<unsigned char>::SharedBuffer(sizeType)::<lambda(hei::SharedBuffer<unsigned char>::pointer)>, allocator<void>, __gnu_cxx::_S_single> >]	16	static
/opt/stm32cubeide/plugins/com.st.stm32cube.ide.mcu.externaltools.gnu-tools-for-stm32.13.3.rel1.linux64_1.0.0.202410170706/tools/arm-none-eabi/include/c++/13.3.1/bits/new_allocator.h:156:7:void std::__new_allocator<_Tp>::deallocate(_Tp*, size_type) [with _Tp = std::_Sp_counted_deleter<unsigned char*, hei::SharedBuffer<unsigned char>::SharedBuffer(sizeType)::<lambda(hei::SharedBuffer<unsigned char>::pointer)>, std::allocator<void>, __gnu_cxx::_S_single>]	24	static
/opt/stm32cubeide/plugins/com.st.stm32cube.ide.mcu.externaltools.gnu-tools-for-stm32.13.3.rel1.linux64_1.0.0.202410170706/tools/arm-none-eabi/include/c++/13.3.1/bits/shared_ptr_base.h:471:16:std::_Sp_ebo_helper<_Nm, _Tp, true>::_Sp_ebo_helper(_Tp&&) [with int _Nm = 0; _Tp = hei::SharedBuffer<unsigned char>::SharedBuffer(sizeType)::<lambda(hei::SharedBuffer<unsigned char>::pointer)>]	16	static
/opt/stm32cubeide/plugins/com.st.stm32cube.ide.mcu.externaltools.gnu-tools-for-stm32.13.3.rel1.linux64_1.0.0.202410170706/tools/arm-none-eabi/include/c++/13.3.1/bits/shared_ptr_base.h:470:16:std::_Sp_ebo_helper<_Nm, _Tp, true>::_Sp_ebo_helper(const _Tp&) [with int _Nm = 1; _Tp = std::allocator<void>]	16	static
/home/marttave/projects/desnet_project/work/desenet-sensor/src/app/joystickapplication.h:39:11:app::JoystickApplication::evPosition::~evPosition()	16	static
/home/marttave/projects/desnet_project/work/desenet-sensor/src/app/joystickapplication.h:39:11:virtual app::JoystickApplication::evPosition::~evPosition()	16	static
/home/marttave/projects/desnet_project/work/desenet-sensor/src/app/joystickapplication.cpp:68:1:void __static_initialization_and_destruction_0()	32	static
/home/marttave/projects/desnet_project/work/desenet-sensor/src/app/joystickapplication.cpp:68:1:void __static_initialization_and_destruction_1()	8	static
/opt/stm32cubeide/plugins/com.st.stm32cube.ide.mcu.externaltools.gnu-tools-for-stm32.13.3.rel1.linux64_1.0.0.202410170706/tools/arm-none-eabi/include/c++/13.3.1/bits/shared_ptr_base.h:523:7:std::_Sp_counted_deleter<_Ptr, _Deleter, _Alloc, _Lp>::~_Sp_counted_deleter() [with _Ptr = unsigned char*; _Deleter = hei::SharedBuffer<unsigned char>::SharedBuffer(sizeType)::<lambda(hei::SharedBuffer<unsigned char>::pointer)>; _Alloc = std::allocator<void>; __gnu_cxx::_Lock_policy _Lp = __gnu_cxx::_S_single]	16	static
/opt/stm32cubeide/plugins/com.st.stm32cube.ide.mcu.externaltools.gnu-tools-for-stm32.13.3.rel1.linux64_1.0.0.202410170706/tools/arm-none-eabi/include/c++/13.3.1/bits/shared_ptr_base.h:523:7:std::_Sp_counted_deleter<_Ptr, _Deleter, _Alloc, _Lp>::~_Sp_counted_deleter() [with _Ptr = unsigned char*; _Deleter = hei::SharedBuffer<unsigned char>::SharedBuffer(sizeType)::<lambda(hei::SharedBuffer<unsigned char>::pointer)>; _Alloc = std::allocator<void>; __gnu_cxx::_Lock_policy _Lp = __gnu_cxx::_S_single]	16	static
/opt/stm32cubeide/plugins/com.st.stm32cube.ide.mcu.externaltools.gnu-tools-for-stm32.13.3.rel1.linux64_1.0.0.202410170706/tools/arm-none-eabi/include/c++/13.3.1/bits/shared_ptr_base.h:526:7:void std::_Sp_counted_deleter<_Ptr, _Deleter, _Alloc, _Lp>::_M_dispose() [with _Ptr = unsigned char*; _Deleter = hei::SharedBuffer<unsigned char>::SharedBuffer(sizeType)::<lambda(hei::SharedBuffer<unsigned char>::pointer)>; _Alloc = std::allocator<void>; __gnu_cxx::_Lock_policy _Lp = __gnu_cxx::_S_single]	16	static
/opt/stm32cubeide/plugins/com.st.stm32cube.ide.mcu.externaltools.gnu-tools-for-stm32.13.3.rel1.linux64_1.0.0.202410170706/tools/arm-none-eabi/include/c++/13.3.1/bits/shared_ptr_base.h:530:7:void std::_Sp_counted_deleter<_Ptr, _Deleter, _Alloc, _Lp>::_M_destroy() [with _Ptr = unsigned char*; _Deleter = hei::SharedBuffer<unsigned char>::SharedBuffer(sizeType)::<lambda(hei::SharedBuffer<unsigned char>::pointer)>; _Alloc = std::allocator<void>; __gnu_cxx::_Lock_policy _Lp = __gnu_cxx::_S_single]	40	static
/opt/stm32cubeide/plugins/com.st.stm32cube.ide.mcu.externaltools.gnu-tools-for-stm32.13.3.rel1.linux64_1.0.0.202410170706/tools/arm-none-eabi/include/c++/13.3.1/bits/shared_ptr_base.h:538:7:void* std::_Sp_counted_deleter<_Ptr, _Deleter, _Alloc, _Lp>::_M_get_deleter(const std::type_info&) [with _Ptr = unsigned char*; _Deleter = hei::SharedBuffer<unsigned char>::SharedBuffer(sizeType)::<lambda(hei::SharedBuffer<unsigned char>::pointer)>; _Alloc = std::allocator<void>; __gnu_cxx::_Lock_policy _Lp = __gnu_cxx::_S_single]	16	static
/home/marttave/projects/desnet_project/work/desenet-sensor/src/common/mdw/desenet/address.hpp:56:10:phy::Address<size>::~Address() [with unsigned int size = 4]	16	static
/home/marttave/projects/desnet_project/work/desenet-sensor/src/common/mdw/desenet/address.hpp:56:10:phy::Address<size>::~Address() [with unsigned int size = 4]	16	static
/opt/stm32cubeide/plugins/com.st.stm32cube.ide.mcu.externaltools.gnu-tools-for-stm32.13.3.rel1.linux64_1.0.0.202410170706/tools/arm-none-eabi/include/c++/13.3.1/bits/shared_ptr_base.h:506:12:_Deleter& std::_Sp_counted_deleter<_Ptr, _Deleter, _Alloc, _Lp>::_Impl::_M_del() [with _Ptr = unsigned char*; _Deleter = hei::SharedBuffer<unsigned char>::SharedBuffer(sizeType)::<lambda(hei::SharedBuffer<unsigned char>::pointer)>; _Alloc = std::allocator<void>; __gnu_cxx::_Lock_policy _Lp = __gnu_cxx::_S_single]	16	static
/opt/stm32cubeide/plugins/com.st.stm32cube.ide.mcu.externaltools.gnu-tools-for-stm32.13.3.rel1.linux64_1.0.0.202410170706/tools/arm-none-eabi/include/c++/13.3.1/bits/shared_ptr_base.h:507:10:_Alloc& std::_Sp_counted_deleter<_Ptr, _Deleter, _Alloc, _Lp>::_Impl::_M_alloc() [with _Ptr = unsigned char*; _Deleter = hei::SharedBuffer<unsigned char>::SharedBuffer(sizeType)::<lambda(hei::SharedBuffer<unsigned char>::pointer)>; _Alloc = std::allocator<void>; __gnu_cxx::_Lock_policy _Lp = __gnu_cxx::_S_single]	16	static
/opt/stm32cubeide/plugins/com.st.stm32cube.ide.mcu.externaltools.gnu-tools-for-stm32.13.3.rel1.linux64_1.0.0.202410170706/tools/arm-none-eabi/include/c++/13.3.1/bits/shared_ptr_base.h:474:7:static _Tp& std::_Sp_ebo_helper<_Nm, _Tp, true>::_S_get(std::_Sp_ebo_helper<_Nm, _Tp, true>&) [with int _Nm = 0; _Tp = hei::SharedBuffer<unsigned char>::SharedBuffer(sizeType)::<lambda(hei::SharedBuffer<unsigned char>::pointer)>]	16	static
/opt/stm32cubeide/plugins/com.st.stm32cube.ide.mcu.externaltools.gnu-tools-for-stm32.13.3.rel1.linux64_1.0.0.202410170706/tools/arm-none-eabi/include/c++/13.3.1/bits/shared_ptr_base.h:474:7:static _Tp& std::_Sp_ebo_helper<_Nm, _Tp, true>::_S_get(std::_Sp_ebo_helper<_Nm, _Tp, true>&) [with int _Nm = 1; _Tp = std::allocator<void>]	16	static
/home/marttave/projects/desnet_project/work/desenet-sensor/src/app/joystickapplication.cpp:68:1:cpp)	8	static
/home/marttave/projects/desnet_project/work/desenet-sensor/src/app/joystickapplication.cpp:68:1:cpp)	8	static
