/opt/stm32cubeide/plugins/com.st.stm32cube.ide.mcu.externaltools.gnu-tools-for-stm32.13.3.rel1.linux64_1.0.0.202410170706/tools/arm-none-eabi/include/c++/13.3.1/arm-none-eabi/thumb/v7e-m+fp/hard/bits/gthr-default.h:229:1:int __gthread_key_delete(__gthread_key_t)	16	static
/opt/stm32cubeide/plugins/com.st.stm32cube.ide.mcu.externaltools.gnu-tools-for-stm32.13.3.rel1.linux64_1.0.0.202410170706/tools/arm-none-eabi/include/c++/13.3.1/initializer_list:69:7:constexpr std::initializer_list<_E>::size_type std::initializer_list<_E>::size() const [with _E = unsigned char]	16	static
/opt/stm32cubeide/plugins/com.st.stm32cube.ide.mcu.externaltools.gnu-tools-for-stm32.13.3.rel1.linux64_1.0.0.202410170706/tools/arm-none-eabi/include/c++/13.3.1/initializer_list:73:7:constexpr const _E* std::initializer_list<_E>::begin() const [with _E = unsigned char]	16	static
/home/marttave/projects/desnet_project/work/desenet-sensor/src/common/platform/platform-common/board/interfaces/imonochromedisplay.h:85:19:IMonochromeDisplay::Size::Size(int, int)	24	static
/home/marttave/projects/desnet_project/work/desenet-sensor/src/common/platform/platform-common/board/interfaces/imonochromedisplay.h:93:11:IMonochromeDisplay::IMonochromeDisplay()	16	static
/home/marttave/projects/desnet_project/work/desenet-sensor/src/common/platform/platform-common/board/interfaces/imonochromedisplay.h:94:10:IMonochromeDisplay::~IMonochromeDisplay()	16	static
/home/marttave/projects/desnet_project/work/desenet-sensor/src/common/platform/platform-common/board/interfaces/imonochromedisplay.h:94:10:virtual IMonochromeDisplay::~IMonochromeDisplay()	16	static
/home/marttave/projects/desnet_project/work/desenet-sensor/src/common/platform/platform-common/board/interfaces/imonochromedisplay.h:174:15:virtual void IMonochromeDisplay::clear(PixelColor)	16	static
/home/marttave/projects/desnet_project/work/desenet-sensor/src/common/platform/platform-common/board/interfaces/imonochromedisplay.h:189:15:virtual void IMonochromeDisplay::writeDisplayMemory(size_t, const uint8_t*, size_t)	24	static
/home/marttave/projects/desnet_project/work/desenet-sensor/src/common/platform/platform-common/board/interfaces/imonochromedisplay.h:206:15:virtual void IMonochromeDisplay::readDisplayMemory(size_t, uint8_t*, size_t)	24	static
/home/marttave/projects/desnet_project/work/desenet-sensor/src/common/platform/platform-common/board/interfaces/imonochromedisplay.h:219:15:virtual void IMonochromeDisplay::drawLine(const Point&, const Point&, PixelColor)	24	static
/home/marttave/projects/desnet_project/work/desenet-sensor/src/common/platform/platform-common/board/interfaces/imonochromedisplay.h:232:15:virtual void IMonochromeDisplay::drawRectangle(const Point&, const Size&, PixelColor)	24	static
/home/marttave/projects/desnet_project/work/desenet-sensor/src/common/platform/platform-common/board/interfaces/imonochromedisplay.h:245:15:virtual void IMonochromeDisplay::fillRectangle(const Point&, const Size&, PixelColor)	24	static
/home/marttave/projects/desnet_project/work/desenet-sensor/src/common/platform/platform-common/board/interfaces/imonochromedisplay.h:258:15:virtual void IMonochromeDisplay::drawEllipse(const Point&, const Size&, PixelColor)	24	static
/home/marttave/projects/desnet_project/work/desenet-sensor/src/common/platform/platform-common/board/interfaces/imonochromedisplay.h:271:15:virtual void IMonochromeDisplay::fillEllipse(const Point&, const Size&, PixelColor)	24	static
/home/marttave/projects/desnet_project/work/desenet-sensor/src/common/platform/platform-common/board/interfaces/imonochromedisplay.h:286:15:virtual void IMonochromeDisplay::drawText(const Point&, const std::string&, PixelColor)	24	static
/home/marttave/projects/desnet_project/work/desenet-sensor/src/common/platform/nucleo-stm32l476rg/board/display/eplib/display_ssd1608.h:56:5:ep::DisplayFirst::DisplayFirst()	16	static
/home/marttave/projects/desnet_project/work/desenet-sensor/src/common/platform/nucleo-stm32l476rg/board/display/monochromedisplay.cpp:11:1:MonochromeDisplay::MonochromeDisplay()	24	static
/home/marttave/projects/desnet_project/work/desenet-sensor/src/common/platform/nucleo-stm32l476rg/board/display/monochromedisplay.cpp:28:1:MonochromeDisplay::~MonochromeDisplay()	16	static
/home/marttave/projects/desnet_project/work/desenet-sensor/src/common/platform/nucleo-stm32l476rg/board/display/monochromedisplay.cpp:28:1:virtual MonochromeDisplay::~MonochromeDisplay()	16	static
/home/marttave/projects/desnet_project/work/desenet-sensor/src/common/platform/nucleo-stm32l476rg/board/display/monochromedisplay.cpp:33:26:virtual IMonochromeDisplay::Size MonochromeDisplay::resolution() const	16	static
/home/marttave/projects/desnet_project/work/desenet-sensor/src/common/platform/nucleo-stm32l476rg/board/display/monochromedisplay.cpp:38:47:virtual IMonochromeDisplay::AcceleratedDrawingMethods MonochromeDisplay::acceleratedDrawingMethods() const	24	static
/home/marttave/projects/desnet_project/work/desenet-sensor/src/common/platform/nucleo-stm32l476rg/board/display/monochromedisplay.cpp:51:6:virtual bool MonochromeDisplay::initialize()	24	static
/home/marttave/projects/desnet_project/work/desenet-sensor/src/common/platform/nucleo-stm32l476rg/board/display/monochromedisplay.cpp:68:6:virtual bool MonochromeDisplay::enable()	16	static
/home/marttave/projects/desnet_project/work/desenet-sensor/src/common/platform/nucleo-stm32l476rg/board/display/monochromedisplay.cpp:73:6:virtual bool MonochromeDisplay::disable()	16	static
/home/marttave/projects/desnet_project/work/desenet-sensor/src/common/platform/nucleo-stm32l476rg/board/display/monochromedisplay.cpp:78:32:virtual IMonochromeDisplay::PixelColor MonochromeDisplay::pixel(const Point&)	16	static
/home/marttave/projects/desnet_project/work/desenet-sensor/src/common/platform/nucleo-stm32l476rg/board/display/monochromedisplay.cpp:86:6:virtual void MonochromeDisplay::setPixel(const Point&, IMonochromeDisplay::PixelColor)	48	static
/home/marttave/projects/desnet_project/work/desenet-sensor/src/common/platform/nucleo-stm32l476rg/board/display/monochromedisplay.cpp:91:6:virtual void MonochromeDisplay::clear(IMonochromeDisplay::PixelColor)	24	static
/home/marttave/projects/desnet_project/work/desenet-sensor/src/common/platform/nucleo-stm32l476rg/board/display/monochromedisplay.cpp:96:6:virtual void MonochromeDisplay::drawLine(const Point&, const Point&, IMonochromeDisplay::PixelColor)	72	static
/home/marttave/projects/desnet_project/work/desenet-sensor/src/common/platform/nucleo-stm32l476rg/board/display/monochromedisplay.cpp:102:6:virtual void MonochromeDisplay::drawText(const Point&, const std::string&, IMonochromeDisplay::PixelColor)	56	static
/home/marttave/projects/desnet_project/work/desenet-sensor/src/common/platform/nucleo-stm32l476rg/board/display/monochromedisplay.cpp:107:6:void MonochromeDisplay::sendCommand(unsigned char)	16	static
/home/marttave/projects/desnet_project/work/desenet-sensor/src/common/platform/nucleo-stm32l476rg/board/display/monochromedisplay.cpp:112:6:void MonochromeDisplay::sendData(unsigned char)	16	static
/home/marttave/projects/desnet_project/work/desenet-sensor/src/common/platform/nucleo-stm32l476rg/board/display/monochromedisplay.cpp:117:6:void MonochromeDisplay::update()	16	static
/home/marttave/projects/desnet_project/work/desenet-sensor/src/common/platform/nucleo-stm32l476rg/board/display/monochromedisplay.cpp:122:10:uint16_t MonochromeDisplay::toEpDisplayColor(IMonochromeDisplay::PixelColor)	16	static
/home/marttave/projects/desnet_project/work/desenet-sensor/src/common/mdw/desenet/address.hpp:47:2:phy::Address<size>::Address(std::initializer_list<unsigned char>) [with unsigned int size = 4]	32	static
/opt/stm32cubeide/plugins/com.st.stm32cube.ide.mcu.externaltools.gnu-tools-for-stm32.13.3.rel1.linux64_1.0.0.202410170706/tools/arm-none-eabi/include/c++/13.3.1/initializer_list:77:7:constexpr const _E* std::initializer_list<_E>::end() const [with _E = unsigned char]	24	static
/opt/stm32cubeide/plugins/com.st.stm32cube.ide.mcu.externaltools.gnu-tools-for-stm32.13.3.rel1.linux64_1.0.0.202410170706/tools/arm-none-eabi/include/c++/13.3.1/bits/stl_algobase.h:624:5:_OI std::copy(_II, _II, _OI) [with _II = const unsigned char*; _OI = unsigned char*]	32	static
/opt/stm32cubeide/plugins/com.st.stm32cube.ide.mcu.externaltools.gnu-tools-for-stm32.13.3.rel1.linux64_1.0.0.202410170706/tools/arm-none-eabi/include/c++/13.3.1/bits/cpp_type_traits.h:607:5:_Iterator std::__miter_base(_Iterator) [with _Iterator = const unsigned char*]	16	static
/opt/stm32cubeide/plugins/com.st.stm32cube.ide.mcu.externaltools.gnu-tools-for-stm32.13.3.rel1.linux64_1.0.0.202410170706/tools/arm-none-eabi/include/c++/13.3.1/bits/stl_algobase.h:538:5:_OI std::__copy_move_a(_II, _II, _OI) [with bool _IsMove = false; _II = const unsigned char*; _OI = unsigned char*]	32	static
/opt/stm32cubeide/plugins/com.st.stm32cube.ide.mcu.externaltools.gnu-tools-for-stm32.13.3.rel1.linux64_1.0.0.202410170706/tools/arm-none-eabi/include/c++/13.3.1/bits/stl_algobase.h:316:5:_Iterator std::__niter_base(_Iterator) [with _Iterator = const unsigned char*]	16	static
/opt/stm32cubeide/plugins/com.st.stm32cube.ide.mcu.externaltools.gnu-tools-for-stm32.13.3.rel1.linux64_1.0.0.202410170706/tools/arm-none-eabi/include/c++/13.3.1/bits/stl_algobase.h:316:5:_Iterator std::__niter_base(_Iterator) [with _Iterator = unsigned char*]	16	static
/opt/stm32cubeide/plugins/com.st.stm32cube.ide.mcu.externaltools.gnu-tools-for-stm32.13.3.rel1.linux64_1.0.0.202410170706/tools/arm-none-eabi/include/c++/13.3.1/bits/stl_algobase.h:532:5:_OI std::__copy_move_a1(_II, _II, _OI) [with bool _IsMove = false; _II = const unsigned char*; _OI = unsigned char*]	24	static
/opt/stm32cubeide/plugins/com.st.stm32cube.ide.mcu.externaltools.gnu-tools-for-stm32.13.3.rel1.linux64_1.0.0.202410170706/tools/arm-none-eabi/include/c++/13.3.1/bits/stl_algobase.h:338:5:_Iterator std::__niter_wrap(const _Iterator&, _Iterator) [with _Iterator = unsigned char*]	16	static
/opt/stm32cubeide/plugins/com.st.stm32cube.ide.mcu.externaltools.gnu-tools-for-stm32.13.3.rel1.linux64_1.0.0.202410170706/tools/arm-none-eabi/include/c++/13.3.1/bits/stl_algobase.h:497:5:_OI std::__copy_move_a2(_II, _II, _OI) [with bool _IsMove = false; _II = const unsigned char*; _OI = unsigned char*]	24	static
/opt/stm32cubeide/plugins/com.st.stm32cube.ide.mcu.externaltools.gnu-tools-for-stm32.13.3.rel1.linux64_1.0.0.202410170706/tools/arm-none-eabi/include/c++/13.3.1/bits/stl_algobase.h:433:2:static _Up* std::__copy_move<_IsMove, true, std::random_access_iterator_tag>::__copy_m(_Tp*, _Tp*, _Up*) [with _Tp = const unsigned char; _Up = unsigned char; bool _IsMove = false]	32	static
/opt/stm32cubeide/plugins/com.st.stm32cube.ide.mcu.externaltools.gnu-tools-for-stm32.13.3.rel1.linux64_1.0.0.202410170706/tools/arm-none-eabi/include/c++/13.3.1/bits/stl_algobase.h:397:2:static void std::__copy_move<false, false, std::random_access_iterator_tag>::__assign_one(_Tp*, _Up*) [with _Tp = unsigned char; _Up = const unsigned char]	16	static
/home/marttave/projects/desnet_project/work/desenet-sensor/src/common/platform/nucleo-stm32l476rg/board/display/monochromedisplay.cpp:125:1:void __static_initialization_and_destruction_0()	32	static
/home/marttave/projects/desnet_project/work/desenet-sensor/src/common/platform/nucleo-stm32l476rg/board/display/monochromedisplay.cpp:125:1:void __static_initialization_and_destruction_1()	8	static
/home/marttave/projects/desnet_project/work/desenet-sensor/src/common/mdw/desenet/address.hpp:56:10:phy::Address<size>::~Address() [with unsigned int size = 4]	16	static
/home/marttave/projects/desnet_project/work/desenet-sensor/src/common/mdw/desenet/address.hpp:56:10:phy::Address<size>::~Address() [with unsigned int size = 4]	16	static
/home/marttave/projects/desnet_project/work/desenet-sensor/src/common/platform/nucleo-stm32l476rg/board/display/monochromedisplay.cpp:125:1:cpp)	8	static
/home/marttave/projects/desnet_project/work/desenet-sensor/src/common/platform/nucleo-stm32l476rg/board/display/monochromedisplay.cpp:125:1:cpp)	8	static
